# The engine production routing (AUTO) must choose for each fixture that is answered.
# ELK only for closures in OWL 2 EL that use nothing ELK 0.6.0 answers incompletely.
dl-assertions HermiT
dl-asymmetric-inconsistent HermiT
dl-cardinality-data HermiT
dl-cardinality-qualified HermiT
dl-cardinality-unqualified HermiT
dl-catalog-combination HermiT
dl-data-attributes HermiT
dl-data-functional-inconsistent HermiT
dl-data-range-inconsistent HermiT
dl-disjoint-properties-inconsistent HermiT
dl-functional HermiT
dl-functional-inconsistent HermiT
dl-has-value HermiT
dl-irreflexive-inconsistent HermiT
dl-nested-expressions HermiT
dl-one-of HermiT
dl-open-world-max-cardinality HermiT
dl-open-world-min-cardinality HermiT
dl-property-assertions HermiT
dl-same-as-individuals HermiT
dl-same-as-not-class-equivalence HermiT
dl-union HermiT
dl-universal HermiT
dl-xmlliteral HermiT
dl-xmlliteral-inconsistent HermiT
el-disjoint-inconsistent ELK
el-disjoint-unsatisfiable ELK
el-domain-range ELK
el-equivalence-cycle ELK
el-intersection-existential ELK
el-named-hierarchy ELK
el-property-chain ELK
el-realization ELK
el-reflexive ELK
el-top-bottom ELK
el-transitive-existential ELK
imports-isolation-a ELK
imports-isolation-b ELK
imports-two-level ELK
imports-version-iri ELK
